{
	"start":	{
		"connected":	[{
				"socket":	5,
				"local_host":	"172.30.0.2",
				"local_port":	43570,
				"remote_host":	"172.30.0.3",
				"remote_port":	5201
			}],
		"version":	"iperf 3.21",
		"system_info":	"Linux 3c8871bc1f64 7.0.0-31-generic #31~24.04.1-Ubuntu SMP PREEMPT_DYNAMIC Mon Aug 10 09:38:02 UTC 2 x86_64",
		"timestamp":	{
			"time":	"Fri, 18 Sep 2026 23:42:04 UTC",
			"timesecs":	1789774924,
			"timemillisecs":	1789774924736
		},
		"connecting_to":	{
			"host":	"172.30.0.3",
			"port":	5201
		},
		"cookie":	"txn2af54vebdgylqt7hbll7ptomdl2wkz3xg",
		"tcp_mss_default":	1448,
		"target_bitrate":	0,
		"fq_rate":	0,
		"sock_bufsize":	0,
		"sndbuf_actual":	16384,
		"rcvbuf_actual":	131072,
		"test_start":	{
			"protocol":	"TCP",
			"num_streams":	1,
			"blksize":	131072,
			"omit":	0,
			"duration":	10,
			"bytes":	0,
			"blocks":	0,
			"reverse":	0,
			"tos":	0,
			"target_bitrate":	0,
			"bidir":	0,
			"fqrate":	0,
			"interval":	1,
			"gso":	0,
			"gro":	0
		}
	},
	"intervals":	[{
			"streams":	[{
					"socket":	5,
					"start":	0,
					"end":	1.001046,
					"seconds":	1.0010459423065186,
					"bytes":	1048576,
					"bits_per_second":	8379843.1675091116,
					"retransmits":	14,
					"snd_cwnd":	56472,
					"snd_wnd":	-1,
					"rtt":	100157,
					"rttvar":	22,
					"pmtu":	1500,
					"reorder":	0,
					"omitted":	false,
					"sender":	true
				}],
			"sum":	{
				"start":	0,
				"end":	1.001046,
				"seconds":	1.0010459423065186,
				"bytes":	1048576,
				"bits_per_second":	8379843.1675091116,
				"retransmits":	14,
				"omitted":	false,
				"sender":	true
			}
		}, {
			"streams":	[{
					"socket":	5,
					"start":	1.001046,
					"end":	2.001043,
					"seconds":	0.99999701976776123,
					"bytes":	262144,
					"bits_per_second":	2097158.2500186265,
					"retransmits":	11,
					"snd_cwnd":	14480,
					"snd_wnd":	-1,
					"rtt":	100290,
					"rttvar":	4,
					"pmtu":	1500,
					"reorder":	0,
					"omitted":	false,
					"sender":	true
				}],
			"sum":	{
				"start":	1.001046,
				"end":	2.001043,
				"seconds":	0.99999701976776123,
				"bytes":	262144,
				"bits_per_second":	2097158.2500186265,
				"retransmits":	11,
				"omitted":	false,
				"sender":	true
			}
		}, {
			"streams":	[{
					"socket":	5,
					"start":	2.001043,
					"end":	3.001086,
					"seconds":	1.0000430345535278,
					"bytes":	0,
					"bits_per_second":	0,
					"retransmits":	8,
					"snd_cwnd":	5792,
					"snd_wnd":	-1,
					"rtt":	100219,
					"rttvar":	75,
					"pmtu":	1500,
					"reorder":	0,
					"omitted":	false,
					"sender":	true
				}],
			"sum":	{
				"start":	2.001043,
				"end":	3.001086,
				"seconds":	1.0000430345535278,
				"bytes":	0,
				"bits_per_second":	0,
				"retransmits":	8,
				"omitted":	false,
				"sender":	true
			}
		}, {
			"streams":	[{
					"socket":	5,
					"start":	3.001086,
					"end":	4.001207,
					"seconds":	1.000120997428894,
					"bytes":	0,
					"bits_per_second":	0,
					"retransmits":	4,
					"snd_cwnd":	7240,
					"snd_wnd":	-1,
					"rtt":	100190,
					"rttvar":	73,
					"pmtu":	1500,
					"reorder":	0,
					"omitted":	false,
					"sender":	true
				}],
			"sum":	{
				"start":	3.001086,
				"end":	4.001207,
				"seconds":	1.000120997428894,
				"bytes":	0,
				"bits_per_second":	0,
				"retransmits":	4,
				"omitted":	false,
				"sender":	true
			}
		}, {
			"streams":	[{
					"socket":	5,
					"start":	4.001207,
					"end":	5.001304,
					"seconds":	1.0000970363616943,
					"bytes":	262144,
					"bits_per_second":	2096948.5197449836,
					"retransmits":	2,
					"snd_cwnd":	8688,
					"snd_wnd":	-1,
					"rtt":	100218,
					"rttvar":	59,
					"pmtu":	1500,
					"reorder":	0,
					"omitted":	false,
					"sender":	true
				}],
			"sum":	{
				"start":	4.001207,
				"end":	5.001304,
				"seconds":	1.0000970363616943,
				"bytes":	262144,
				"bits_per_second":	2096948.5197449836,
				"retransmits":	2,
				"omitted":	false,
				"sender":	true
			}
		}, {
			"streams":	[{
					"socket":	5,
					"start":	5.001304,
					"end":	6.001205,
					"seconds":	0.999900996685028,
					"bytes":	0,
					"bits_per_second":	0,
					"retransmits":	2,
					"snd_cwnd":	10136,
					"snd_wnd":	-1,
					"rtt":	100280,
					"rttvar":	12,
					"pmtu":	1500,
					"reorder":	0,
					"omitted":	false,
					"sender":	true
				}],
			"sum":	{
				"start":	5.001304,
				"end":	6.001205,
				"seconds":	0.999900996685028,
				"bytes":	0,
				"bits_per_second":	0,
				"retransmits":	2,
				"omitted":	false,
				"sender":	true
			}
		}, {
			"streams":	[{
					"socket":	5,
					"start":	6.001205,
					"end":	7.00109,
					"seconds":	0.99988502264022827,
					"bytes":	0,
					"bits_per_second":	0,
					"retransmits":	0,
					"snd_cwnd":	17376,
					"snd_wnd":	-1,
					"rtt":	100318,
					"rttvar":	32,
					"pmtu":	1500,
					"reorder":	0,
					"omitted":	false,
					"sender":	true
				}],
			"sum":	{
				"start":	6.001205,
				"end":	7.00109,
				"seconds":	0.99988502264022827,
				"bytes":	0,
				"bits_per_second":	0,
				"retransmits":	0,
				"omitted":	false,
				"sender":	true
			}
		}, {
			"streams":	[{
					"socket":	5,
					"start":	7.00109,
					"end":	8.001218,
					"seconds":	1.0001280307769775,
					"bytes":	262144,
					"bits_per_second":	2096883.5343718629,
					"retransmits":	6,
					"snd_cwnd":	7240,
					"snd_wnd":	-1,
					"rtt":	107258,
					"rttvar":	12278,
					"pmtu":	1500,
					"reorder":	0,
					"omitted":	false,
					"sender":	true
				}],
			"sum":	{
				"start":	7.00109,
				"end":	8.001218,
				"seconds":	1.0001280307769775,
				"bytes":	262144,
				"bits_per_second":	2096883.5343718629,
				"retransmits":	6,
				"omitted":	false,
				"sender":	true
			}
		}, {
			"streams":	[{
					"socket":	5,
					"start":	8.001218,
					"end":	9.001107,
					"seconds":	0.99988901615142822,
					"bytes":	0,
					"bits_per_second":	0,
					"retransmits":	0,
					"snd_cwnd":	13032,
					"snd_wnd":	-1,
					"rtt":	100698,
					"rttvar":	995,
					"pmtu":	1500,
					"reorder":	0,
					"omitted":	false,
					"sender":	true
				}],
			"sum":	{
				"start":	8.001218,
				"end":	9.001107,
				"seconds":	0.99988901615142822,
				"bytes":	0,
				"bits_per_second":	0,
				"retransmits":	0,
				"omitted":	false,
				"sender":	true
			}
		}, {
			"streams":	[{
					"socket":	5,
					"start":	9.001107,
					"end":	10.001304,
					"seconds":	1.0001970529556274,
					"bytes":	0,
					"bits_per_second":	0,
					"retransmits":	3,
					"snd_cwnd":	7240,
					"snd_wnd":	-1,
					"rtt":	106021,
					"rttvar":	10792,
					"pmtu":	1500,
					"reorder":	0,
					"omitted":	false,
					"sender":	true
				}],
			"sum":	{
				"start":	9.001107,
				"end":	10.001304,
				"seconds":	1.0001970529556274,
				"bytes":	0,
				"bits_per_second":	0,
				"retransmits":	3,
				"omitted":	false,
				"sender":	true
			}
		}],
	"end":	{
		"streams":	[{
				"sender":	{
					"socket":	5,
					"start":	0,
					"end":	10.001304,
					"seconds":	10.001304,
					"bytes":	1835008,
					"bits_per_second":	1467814.9969244013,
					"retransmits":	50,
					"reorder":	0,
					"max_snd_cwnd":	56472,
					"max_snd_wnd":	0,
					"max_rtt":	107258,
					"min_rtt":	100157,
					"mean_rtt":	101564,
					"sender":	true
				},
				"receiver":	{
					"socket":	5,
					"start":	0,
					"end":	10.101487,
					"seconds":	10.001304,
					"bytes":	1310720,
					"bits_per_second":	1038041.2309593627,
					"sender":	true
				}
			}],
		"sum_sent":	{
			"start":	0,
			"end":	10.001304,
			"seconds":	10.001304,
			"bytes":	1835008,
			"bits_per_second":	1467814.9969244013,
			"retransmits":	50,
			"sender":	true
		},
		"sum_received":	{
			"start":	0,
			"end":	10.101487,
			"seconds":	10.101487,
			"bytes":	1310720,
			"bits_per_second":	1038041.2309593627,
			"sender":	true
		},
		"cpu_utilization_percent":	{
			"host_total":	0.025003280418855415,
			"host_user":	0,
			"host_system":	0.024993667469828562,
			"remote_total":	0.093679026728072642,
			"remote_user":	0.021531425883288387,
			"remote_system":	0.072147600844784249
		},
		"sender_tcp_congestion":	"cubic",
		"receiver_tcp_congestion":	"cubic"
	},
	"server_output_text":	"-----------------------------------------------------------\nServer listening on 5201 (test #12)\n-----------------------------------------------------------\nAccepted connection from 172.30.0.2, port 43554\n[  5] local 172.30.0.3 port 5201 connected to 172.30.0.2 port 43570\n[ ID] Interval           Transfer     Bitrate\n[  5]   0.00-1.00   sec   384 KBytes  3.14 Mbits/sec                  \n[  5]   1.00-2.00   sec   256 KBytes  2.10 Mbits/sec                  \n[  5]   2.00-3.00   sec  0.00 Bytes  0.00 bits/sec                  \n[  5]   3.00-4.00   sec   128 KBytes  1.05 Mbits/sec                  \n[  5]   4.00-5.00   sec  0.00 Bytes  0.00 bits/sec                  \n[  5]   5.00-6.00   sec   128 KBytes  1.05 Mbits/sec                  \n[  5]   6.00-7.00   sec   128 KBytes  1.05 Mbits/sec                  \n[  5]   7.00-8.00   sec   128 KBytes  1.05 Mbits/sec                  \n[  5]   8.00-9.00   sec  0.00 Bytes  0.00 bits/sec                  \n[  5]   9.00-10.00  sec   128 KBytes  1.05 Mbits/sec                  \n[  5]  10.00-10.10  sec  0.00 Bytes  0.00 bits/sec                  \n- - - - - - - - - - - - - - - - - - - - - - - - -\n[ ID] Interval           Transfer     Bitrate\n[  5]   0.00-10.10  sec  1.25 MBytes  1.04 Mbits/sec                  receiver\n"
}
