{
	"start":	{
		"connected":	[{
				"socket":	5,
				"local_host":	"172.30.0.3",
				"local_port":	38940,
				"remote_host":	"172.30.0.2",
				"remote_port":	5201
			}],
		"version":	"iperf 3.21",
		"system_info":	"Linux 319ff49754c0 7.0.0-31-generic #31~24.04.1-Ubuntu SMP PREEMPT_DYNAMIC Mon Aug 10 09:38:02 UTC 2 x86_64",
		"timestamp":	{
			"time":	"Fri, 18 Sep 2026 23:45:02 UTC",
			"timesecs":	1789775102,
			"timemillisecs":	1789775102985
		},
		"connecting_to":	{
			"host":	"172.30.0.2",
			"port":	5201
		},
		"cookie":	"pmlswqtzafqt7gtfmz37jixlqd6tcncwk5wn",
		"target_bitrate":	50000000,
		"fq_rate":	0,
		"sock_bufsize":	0,
		"sndbuf_actual":	212992,
		"rcvbuf_actual":	212992,
		"test_start":	{
			"protocol":	"UDP",
			"num_streams":	1,
			"blksize":	1448,
			"omit":	0,
			"duration":	10,
			"bytes":	0,
			"blocks":	0,
			"reverse":	0,
			"tos":	0,
			"target_bitrate":	50000000,
			"bidir":	0,
			"fqrate":	0,
			"interval":	1,
			"gso":	0,
			"gro":	0
		}
	},
	"intervals":	[{
			"streams":	[{
					"socket":	5,
					"start":	0,
					"end":	1.000414,
					"seconds":	1.00041401386261,
					"bytes":	6253912,
					"bits_per_second":	50010590.922080949,
					"packets":	4319,
					"omitted":	false,
					"sender":	true
				}],
			"sum":	{
				"start":	0,
				"end":	1.000414,
				"seconds":	1.00041401386261,
				"bytes":	6253912,
				"bits_per_second":	50010590.922080949,
				"packets":	4319,
				"omitted":	false,
				"sender":	true
			}
		}, {
			"streams":	[{
					"socket":	5,
					"start":	1.000414,
					"end":	2.001078,
					"seconds":	1.0006639957427979,
					"bytes":	6253912,
					"bits_per_second":	49998097.476127855,
					"packets":	4319,
					"omitted":	false,
					"sender":	true
				}],
			"sum":	{
				"start":	1.000414,
				"end":	2.001078,
				"seconds":	1.0006639957427979,
				"bytes":	6253912,
				"bits_per_second":	49998097.476127855,
				"packets":	4319,
				"omitted":	false,
				"sender":	true
			}
		}, {
			"streams":	[{
					"socket":	5,
					"start":	2.001078,
					"end":	3.001137,
					"seconds":	1.0000590085983276,
					"bytes":	6249568,
					"bits_per_second":	49993593.948095761,
					"packets":	4316,
					"omitted":	false,
					"sender":	true
				}],
			"sum":	{
				"start":	2.001078,
				"end":	3.001137,
				"seconds":	1.0000590085983276,
				"bytes":	6249568,
				"bits_per_second":	49993593.948095761,
				"packets":	4316,
				"omitted":	false,
				"sender":	true
			}
		}, {
			"streams":	[{
					"socket":	5,
					"start":	3.001137,
					"end":	4.000416,
					"seconds":	0.999279022216797,
					"bytes":	6245224,
					"bits_per_second":	49997839.331366077,
					"packets":	4313,
					"omitted":	false,
					"sender":	true
				}],
			"sum":	{
				"start":	3.001137,
				"end":	4.000416,
				"seconds":	0.999279022216797,
				"bytes":	6245224,
				"bits_per_second":	49997839.331366077,
				"packets":	4313,
				"omitted":	false,
				"sender":	true
			}
		}, {
			"streams":	[{
					"socket":	5,
					"start":	4.000416,
					"end":	5.001146,
					"seconds":	1.000730037689209,
					"bytes":	6255360,
					"bits_per_second":	50006373.4626716,
					"packets":	4320,
					"omitted":	false,
					"sender":	true
				}],
			"sum":	{
				"start":	4.000416,
				"end":	5.001146,
				"seconds":	1.000730037689209,
				"bytes":	6255360,
				"bits_per_second":	50006373.4626716,
				"packets":	4320,
				"omitted":	false,
				"sender":	true
			}
		}, {
			"streams":	[{
					"socket":	5,
					"start":	5.001146,
					"end":	6.001146,
					"seconds":	1,
					"bytes":	6249568,
					"bits_per_second":	49996544,
					"packets":	4316,
					"omitted":	false,
					"sender":	true
				}],
			"sum":	{
				"start":	5.001146,
				"end":	6.001146,
				"seconds":	1,
				"bytes":	6249568,
				"bits_per_second":	49996544,
				"packets":	4316,
				"omitted":	false,
				"sender":	true
			}
		}, {
			"streams":	[{
					"socket":	5,
					"start":	6.001146,
					"end":	7.001067,
					"seconds":	0.99992102384567261,
					"bytes":	6249568,
					"bits_per_second":	50000492.8466395,
					"packets":	4316,
					"omitted":	false,
					"sender":	true
				}],
			"sum":	{
				"start":	6.001146,
				"end":	7.001067,
				"seconds":	0.99992102384567261,
				"bytes":	6249568,
				"bits_per_second":	50000492.8466395,
				"packets":	4316,
				"omitted":	false,
				"sender":	true
			}
		}, {
			"streams":	[{
					"socket":	5,
					"start":	7.001067,
					"end":	8.001144,
					"seconds":	1.00007700920105,
					"bytes":	6251016,
					"bits_per_second":	50004277.210562944,
					"packets":	4317,
					"omitted":	false,
					"sender":	true
				}],
			"sum":	{
				"start":	7.001067,
				"end":	8.001144,
				"seconds":	1.00007700920105,
				"bytes":	6251016,
				"bits_per_second":	50004277.210562944,
				"packets":	4317,
				"omitted":	false,
				"sender":	true
			}
		}, {
			"streams":	[{
					"socket":	5,
					"start":	8.001144,
					"end":	9.00114,
					"seconds":	0.9999960064888,
					"bytes":	6249568,
					"bits_per_second":	49996743.662555777,
					"packets":	4316,
					"omitted":	false,
					"sender":	true
				}],
			"sum":	{
				"start":	8.001144,
				"end":	9.00114,
				"seconds":	0.9999960064888,
				"bytes":	6249568,
				"bits_per_second":	49996743.662555777,
				"packets":	4316,
				"omitted":	false,
				"sender":	true
			}
		}, {
			"streams":	[{
					"socket":	5,
					"start":	9.00114,
					"end":	10.001419,
					"seconds":	1.0002789497375488,
					"bytes":	6249568,
					"bits_per_second":	49982601.366466813,
					"packets":	4316,
					"omitted":	false,
					"sender":	true
				}],
			"sum":	{
				"start":	9.00114,
				"end":	10.001419,
				"seconds":	1.0002789497375488,
				"bytes":	6249568,
				"bits_per_second":	49982601.366466813,
				"packets":	4316,
				"omitted":	false,
				"sender":	true
			}
		}],
	"end":	{
		"streams":	[{
				"udp":	{
					"socket":	5,
					"start":	0,
					"end":	10.001419,
					"seconds":	10.001419,
					"bytes":	62507264,
					"bits_per_second":	49998716.382145375,
					"jitter_ms":	0.0011194279655685284,
					"lost_packets":	2155,
					"packets":	43168,
					"lost_percent":	4.9921237954040025,
					"out_of_order":	0,
					"sender":	true
				}
			}],
		"sum":	{
			"start":	0,
			"end":	10.101547,
			"seconds":	10.101547,
			"bytes":	62507264,
			"bits_per_second":	49998716.382145375,
			"jitter_ms":	0.0011194279655685284,
			"lost_packets":	2155,
			"packets":	43168,
			"lost_percent":	4.9921237954040025,
			"sender":	true
		},
		"sum_sent":	{
			"start":	0,
			"end":	10.001419,
			"seconds":	10.001419,
			"bytes":	62507264,
			"bits_per_second":	49998716.382145375,
			"jitter_ms":	0,
			"lost_packets":	0,
			"packets":	43168,
			"lost_percent":	0,
			"sender":	true
		},
		"sum_received":	{
			"start":	0,
			"end":	10.101547,
			"seconds":	10.101547,
			"bytes":	59386824,
			"bits_per_second":	47031864.723294362,
			"jitter_ms":	0.0011194279655685284,
			"lost_packets":	2155,
			"packets":	43168,
			"lost_percent":	4.9921237954040025,
			"sender":	false
		},
		"cpu_utilization_percent":	{
			"host_total":	2.40198281393017,
			"host_user":	0.43815451156172314,
			"host_system":	1.9638185960147652,
			"remote_total":	1.4545157562063342,
			"remote_user":	0.25970207616139068,
			"remote_system":	1.1948235794913169
		}
	},
	"server_output_text":	"-----------------------------------------------------------\nServer listening on 5201 (test #3)\n-----------------------------------------------------------\nAccepted connection from 172.30.0.3, port 58186\n[  5] local 172.30.0.2 port 5201 connected to 172.30.0.3 port 38940\n[ ID] Interval           Transfer     Bitrate         Jitter    Lost/Total Datagrams\n[  5]   0.00-1.00   sec  5.10 MBytes  42.8 Mbits/sec  0.003 ms  193/3889 (5%)  \n[  5]   1.00-2.00   sec  5.66 MBytes  47.5 Mbits/sec  0.007 ms  216/4317 (5%)  \n[  5]   2.00-3.00   sec  5.64 MBytes  47.3 Mbits/sec  0.001 ms  233/4316 (5.4%)  \n[  5]   3.00-4.00   sec  5.68 MBytes  47.6 Mbits/sec  0.003 ms  205/4315 (4.8%)  \n[  5]   4.00-5.00   sec  5.64 MBytes  47.3 Mbits/sec  0.001 ms  231/4318 (5.3%)  \n[  5]   5.00-6.00   sec  5.67 MBytes  47.6 Mbits/sec  0.001 ms  209/4316 (4.8%)  \n[  5]   6.00-7.00   sec  5.67 MBytes  47.6 Mbits/sec  0.001 ms  211/4314 (4.9%)  \n[  5]   7.00-8.00   sec  5.66 MBytes  47.4 Mbits/sec  0.001 ms  221/4319 (5.1%)  \n[  5]   8.00-9.00   sec  5.67 MBytes  47.6 Mbits/sec  0.001 ms  210/4316 (4.9%)  \n[  5]   9.00-10.00  sec  5.67 MBytes  47.6 Mbits/sec  0.001 ms  205/4314 (4.8%)  \n[  5]  10.00-10.10  sec   584 KBytes  47.4 Mbits/sec  0.001 ms  21/434 (4.8%)  \n- - - - - - - - - - - - - - - - - - - - - - - - -\n[ ID] Interval           Transfer     Bitrate         Jitter    Lost/Total Datagrams\n[  5]   0.00-10.10  sec  56.6 MBytes  47.0 Mbits/sec  0.001 ms  2155/43168 (5%)  receiver\n"
}
