{
	"start":	{
		"connected":	[{
				"socket":	5,
				"local_host":	"172.30.0.2",
				"local_port":	41464,
				"remote_host":	"172.30.0.3",
				"remote_port":	5201
			}],
		"version":	"iperf 3.21",
		"system_info":	"Linux 3c8871bc1f64 7.0.0-31-generic #31~24.04.1-Ubuntu SMP PREEMPT_DYNAMIC Mon Aug 10 09:38:02 UTC 2 x86_64",
		"timestamp":	{
			"time":	"Fri, 18 Sep 2026 23:41:42 UTC",
			"timesecs":	1789774902,
			"timemillisecs":	1789774902971
		},
		"connecting_to":	{
			"host":	"172.30.0.3",
			"port":	5201
		},
		"cookie":	"xbk36l4sj365bioxe2gvzbzlu4oq57ha2zcq",
		"tcp_mss_default":	1448,
		"target_bitrate":	0,
		"fq_rate":	0,
		"sock_bufsize":	0,
		"sndbuf_actual":	16384,
		"rcvbuf_actual":	131072,
		"test_start":	{
			"protocol":	"TCP",
			"num_streams":	1,
			"blksize":	131072,
			"omit":	0,
			"duration":	10,
			"bytes":	0,
			"blocks":	0,
			"reverse":	0,
			"tos":	0,
			"target_bitrate":	0,
			"bidir":	0,
			"fqrate":	0,
			"interval":	1,
			"gso":	0,
			"gro":	0
		}
	},
	"intervals":	[{
			"streams":	[{
					"socket":	5,
					"start":	0,
					"end":	1.001043,
					"seconds":	1.00104296207428,
					"bytes":	131072,
					"bits_per_second":	1047483.5144210255,
					"retransmits":	4,
					"snd_cwnd":	10136,
					"snd_wnd":	-1,
					"rtt":	100225,
					"rttvar":	141,
					"pmtu":	1500,
					"reorder":	0,
					"omitted":	false,
					"sender":	true
				}],
			"sum":	{
				"start":	0,
				"end":	1.001043,
				"seconds":	1.00104296207428,
				"bytes":	131072,
				"bits_per_second":	1047483.5144210255,
				"retransmits":	4,
				"omitted":	false,
				"sender":	true
			}
		}, {
			"streams":	[{
					"socket":	5,
					"start":	1.001043,
					"end":	2.001144,
					"seconds":	1.0001009702682495,
					"bytes":	131072,
					"bits_per_second":	1048470.1356891479,
					"retransmits":	3,
					"snd_cwnd":	4344,
					"snd_wnd":	-1,
					"rtt":	103697,
					"rttvar":	6938,
					"pmtu":	1500,
					"reorder":	0,
					"omitted":	false,
					"sender":	true
				}],
			"sum":	{
				"start":	1.001043,
				"end":	2.001144,
				"seconds":	1.0001009702682495,
				"bytes":	131072,
				"bits_per_second":	1048470.1356891479,
				"retransmits":	3,
				"omitted":	false,
				"sender":	true
			}
		}, {
			"streams":	[{
					"socket":	5,
					"start":	2.001144,
					"end":	3.001104,
					"seconds":	0.99996000528335571,
					"bytes":	131072,
					"bits_per_second":	1048617.9391773455,
					"retransmits":	2,
					"snd_cwnd":	7240,
					"snd_wnd":	-1,
					"rtt":	100928,
					"rttvar":	1209,
					"pmtu":	1500,
					"reorder":	0,
					"omitted":	false,
					"sender":	true
				}],
			"sum":	{
				"start":	2.001144,
				"end":	3.001104,
				"seconds":	0.99996000528335571,
				"bytes":	131072,
				"bits_per_second":	1048617.9391773455,
				"retransmits":	2,
				"omitted":	false,
				"sender":	true
			}
		}, {
			"streams":	[{
					"socket":	5,
					"start":	3.001104,
					"end":	4.001151,
					"seconds":	1.000046968460083,
					"bytes":	0,
					"bits_per_second":	0,
					"retransmits":	2,
					"snd_cwnd":	7240,
					"snd_wnd":	-1,
					"rtt":	100866,
					"rttvar":	1056,
					"pmtu":	1500,
					"reorder":	0,
					"omitted":	false,
					"sender":	true
				}],
			"sum":	{
				"start":	3.001104,
				"end":	4.001151,
				"seconds":	1.000046968460083,
				"bytes":	0,
				"bits_per_second":	0,
				"retransmits":	2,
				"omitted":	false,
				"sender":	true
			}
		}, {
			"streams":	[{
					"socket":	5,
					"start":	4.001151,
					"end":	5.001116,
					"seconds":	0.999965012073517,
					"bytes":	0,
					"bits_per_second":	0,
					"retransmits":	3,
					"snd_cwnd":	7240,
					"snd_wnd":	-1,
					"rtt":	119526,
					"rttvar":	31270,
					"pmtu":	1500,
					"reorder":	0,
					"omitted":	false,
					"sender":	true
				}],
			"sum":	{
				"start":	4.001151,
				"end":	5.001116,
				"seconds":	0.999965012073517,
				"bytes":	0,
				"bits_per_second":	0,
				"retransmits":	3,
				"omitted":	false,
				"sender":	true
			}
		}, {
			"streams":	[{
					"socket":	5,
					"start":	5.001116,
					"end":	6.00104,
					"seconds":	0.99992400407791138,
					"bytes":	131072,
					"bits_per_second":	1048655.6935563853,
					"retransmits":	0,
					"snd_cwnd":	13032,
					"snd_wnd":	-1,
					"rtt":	105348,
					"rttvar":	9708,
					"pmtu":	1500,
					"reorder":	0,
					"omitted":	false,
					"sender":	true
				}],
			"sum":	{
				"start":	5.001116,
				"end":	6.00104,
				"seconds":	0.99992400407791138,
				"bytes":	131072,
				"bits_per_second":	1048655.6935563853,
				"retransmits":	0,
				"omitted":	false,
				"sender":	true
			}
		}, {
			"streams":	[{
					"socket":	5,
					"start":	6.00104,
					"end":	7.00118,
					"seconds":	1.0001399517059326,
					"bytes":	0,
					"bits_per_second":	0,
					"retransmits":	3,
					"snd_cwnd":	10136,
					"snd_wnd":	-1,
					"rtt":	100886,
					"rttvar":	1156,
					"pmtu":	1500,
					"reorder":	0,
					"omitted":	false,
					"sender":	true
				}],
			"sum":	{
				"start":	6.00104,
				"end":	7.00118,
				"seconds":	1.0001399517059326,
				"bytes":	0,
				"bits_per_second":	0,
				"retransmits":	3,
				"omitted":	false,
				"sender":	true
			}
		}, {
			"streams":	[{
					"socket":	5,
					"start":	7.00118,
					"end":	8.001177,
					"seconds":	0.99999701976776123,
					"bytes":	131072,
					"bits_per_second":	1048579.1250093132,
					"retransmits":	6,
					"snd_cwnd":	5792,
					"snd_wnd":	-1,
					"rtt":	100283,
					"rttvar":	279,
					"pmtu":	1500,
					"reorder":	0,
					"omitted":	false,
					"sender":	true
				}],
			"sum":	{
				"start":	7.00118,
				"end":	8.001177,
				"seconds":	0.99999701976776123,
				"bytes":	131072,
				"bits_per_second":	1048579.1250093132,
				"retransmits":	6,
				"omitted":	false,
				"sender":	true
			}
		}, {
			"streams":	[{
					"socket":	5,
					"start":	8.001177,
					"end":	9.001183,
					"seconds":	1.0000059604644775,
					"bytes":	131072,
					"bits_per_second":	1048569.7500372527,
					"retransmits":	1,
					"snd_cwnd":	8688,
					"snd_wnd":	-1,
					"rtt":	112958,
					"rttvar":	20684,
					"pmtu":	1500,
					"reorder":	0,
					"omitted":	false,
					"sender":	true
				}],
			"sum":	{
				"start":	8.001177,
				"end":	9.001183,
				"seconds":	1.0000059604644775,
				"bytes":	131072,
				"bits_per_second":	1048569.7500372527,
				"retransmits":	1,
				"omitted":	false,
				"sender":	true
			}
		}, {
			"streams":	[{
					"socket":	5,
					"start":	9.001183,
					"end":	10.001368,
					"seconds":	1.0001850128173828,
					"bytes":	0,
					"bits_per_second":	0,
					"retransmits":	2,
					"snd_cwnd":	11584,
					"snd_wnd":	-1,
					"rtt":	102015,
					"rttvar":	3337,
					"pmtu":	1500,
					"reorder":	0,
					"omitted":	false,
					"sender":	true
				}],
			"sum":	{
				"start":	9.001183,
				"end":	10.001368,
				"seconds":	1.0001850128173828,
				"bytes":	0,
				"bits_per_second":	0,
				"retransmits":	2,
				"omitted":	false,
				"sender":	true
			}
		}],
	"end":	{
		"streams":	[{
				"sender":	{
					"socket":	5,
					"start":	0,
					"end":	10.001368,
					"seconds":	10.001368,
					"bytes":	786432,
					"bits_per_second":	629059.54465429136,
					"retransmits":	26,
					"reorder":	0,
					"max_snd_cwnd":	13032,
					"max_snd_wnd":	0,
					"max_rtt":	119526,
					"min_rtt":	100225,
					"mean_rtt":	104673,
					"sender":	true
				},
				"receiver":	{
					"socket":	5,
					"start":	0,
					"end":	10.101765,
					"seconds":	10.001368,
					"bytes":	786432,
					"bits_per_second":	622807.598474128,
					"sender":	true
				}
			}],
		"sum_sent":	{
			"start":	0,
			"end":	10.001368,
			"seconds":	10.001368,
			"bytes":	786432,
			"bits_per_second":	629059.54465429136,
			"retransmits":	26,
			"sender":	true
		},
		"sum_received":	{
			"start":	0,
			"end":	10.101765,
			"seconds":	10.101765,
			"bytes":	786432,
			"bits_per_second":	622807.598474128,
			"sender":	true
		},
		"cpu_utilization_percent":	{
			"host_total":	0.021445578072718293,
			"host_user":	0.000759390707191728,
			"host_system":	0.020686187365526566,
			"remote_total":	0.07588751067384665,
			"remote_user":	0.000623651600893861,
			"remote_system":	0.075273758304713
		},
		"sender_tcp_congestion":	"cubic",
		"receiver_tcp_congestion":	"cubic"
	},
	"server_output_text":	"-----------------------------------------------------------\nServer listening on 5201 (test #10)\n-----------------------------------------------------------\nAccepted connection from 172.30.0.2, port 41456\n[  5] local 172.30.0.3 port 5201 connected to 172.30.0.2 port 41464\n[ ID] Interval           Transfer     Bitrate\n[  5]   0.00-1.00   sec  0.00 Bytes  0.00 bits/sec                  \n[  5]   1.00-2.00   sec   128 KBytes  1.05 Mbits/sec                  \n[  5]   2.00-3.00   sec  0.00 Bytes  0.00 bits/sec                  \n[  5]   3.00-4.00   sec   128 KBytes  1.05 Mbits/sec                  \n[  5]   4.00-5.00   sec   128 KBytes  1.05 Mbits/sec                  \n[  5]   5.00-6.00   sec  0.00 Bytes  0.00 bits/sec                  \n[  5]   6.00-7.00   sec   128 KBytes  1.05 Mbits/sec                  \n[  5]   7.00-8.00   sec  0.00 Bytes  0.00 bits/sec                  \n[  5]   8.00-9.00   sec   128 KBytes  1.05 Mbits/sec                  \n[  5]   9.00-10.00  sec  0.00 Bytes  0.00 bits/sec                  \n[  5]  10.00-10.10  sec   128 KBytes  10.4 Mbits/sec                  \n- - - - - - - - - - - - - - - - - - - - - - - - -\n[ ID] Interval           Transfer     Bitrate\n[  5]   0.00-10.10  sec   768 KBytes   623 Kbits/sec                  receiver\n"
}
