{
	"start":	{
		"connected":	[{
				"socket":	5,
				"local_host":	"172.30.0.2",
				"local_port":	48424,
				"remote_host":	"172.30.0.3",
				"remote_port":	5201
			}],
		"version":	"iperf 3.21",
		"system_info":	"Linux 3c8871bc1f64 7.0.0-31-generic #31~24.04.1-Ubuntu SMP PREEMPT_DYNAMIC Mon Aug 10 09:38:02 UTC 2 x86_64",
		"timestamp":	{
			"time":	"Fri, 18 Sep 2026 23:42:15 UTC",
			"timesecs":	1789774935,
			"timemillisecs":	1789774935613
		},
		"connecting_to":	{
			"host":	"172.30.0.3",
			"port":	5201
		},
		"cookie":	"wjbmmk74nrww34fsbx6iwcxzvufr273iy7ns",
		"target_bitrate":	10000000,
		"fq_rate":	0,
		"sock_bufsize":	0,
		"sndbuf_actual":	212992,
		"rcvbuf_actual":	212992,
		"test_start":	{
			"protocol":	"UDP",
			"num_streams":	1,
			"blksize":	1448,
			"omit":	0,
			"duration":	10,
			"bytes":	0,
			"blocks":	0,
			"reverse":	0,
			"tos":	0,
			"target_bitrate":	10000000,
			"bidir":	0,
			"fqrate":	0,
			"interval":	1,
			"gso":	0,
			"gro":	0
		}
	},
	"intervals":	[{
			"streams":	[{
					"socket":	5,
					"start":	0,
					"end":	1.000706,
					"seconds":	1.00070595741272,
					"bytes":	1251072,
					"bits_per_second":	10001515.356095934,
					"packets":	864,
					"omitted":	false,
					"sender":	true
				}],
			"sum":	{
				"start":	0,
				"end":	1.000706,
				"seconds":	1.00070595741272,
				"bytes":	1251072,
				"bits_per_second":	10001515.356095934,
				"packets":	864,
				"omitted":	false,
				"sender":	true
			}
		}, {
			"streams":	[{
					"socket":	5,
					"start":	1.000706,
					"end":	2.001128,
					"seconds":	1.00042200088501,
					"bytes":	1251072,
					"bits_per_second":	10004354.15369319,
					"packets":	864,
					"omitted":	false,
					"sender":	true
				}],
			"sum":	{
				"start":	1.000706,
				"end":	2.001128,
				"seconds":	1.00042200088501,
				"bytes":	1251072,
				"bits_per_second":	10004354.15369319,
				"packets":	864,
				"omitted":	false,
				"sender":	true
			}
		}, {
			"streams":	[{
					"socket":	5,
					"start":	2.001128,
					"end":	3.00111,
					"seconds":	0.99998199939727783,
					"bytes":	1249624,
					"bits_per_second":	9997171.95512071,
					"packets":	863,
					"omitted":	false,
					"sender":	true
				}],
			"sum":	{
				"start":	2.001128,
				"end":	3.00111,
				"seconds":	0.99998199939727783,
				"bytes":	1249624,
				"bits_per_second":	9997171.95512071,
				"packets":	863,
				"omitted":	false,
				"sender":	true
			}
		}, {
			"streams":	[{
					"socket":	5,
					"start":	3.00111,
					"end":	4.001087,
					"seconds":	0.9999769926071167,
					"bytes":	1249624,
					"bits_per_second":	9997222.0100145265,
					"packets":	863,
					"omitted":	false,
					"sender":	true
				}],
			"sum":	{
				"start":	3.00111,
				"end":	4.001087,
				"seconds":	0.9999769926071167,
				"bytes":	1249624,
				"bits_per_second":	9997222.0100145265,
				"packets":	863,
				"omitted":	false,
				"sender":	true
			}
		}, {
			"streams":	[{
					"socket":	5,
					"start":	4.001087,
					"end":	5.001274,
					"seconds":	1.0001870393753052,
					"bytes":	1251072,
					"bits_per_second":	10006704.352269089,
					"packets":	864,
					"omitted":	false,
					"sender":	true
				}],
			"sum":	{
				"start":	4.001087,
				"end":	5.001274,
				"seconds":	1.0001870393753052,
				"bytes":	1251072,
				"bits_per_second":	10006704.352269089,
				"packets":	864,
				"omitted":	false,
				"sender":	true
			}
		}, {
			"streams":	[{
					"socket":	5,
					"start":	5.001274,
					"end":	6.001069,
					"seconds":	0.99979501962661743,
					"bytes":	1249624,
					"bits_per_second":	9999041.60728213,
					"packets":	863,
					"omitted":	false,
					"sender":	true
				}],
			"sum":	{
				"start":	5.001274,
				"end":	6.001069,
				"seconds":	0.99979501962661743,
				"bytes":	1249624,
				"bits_per_second":	9999041.60728213,
				"packets":	863,
				"omitted":	false,
				"sender":	true
			}
		}, {
			"streams":	[{
					"socket":	5,
					"start":	6.001069,
					"end":	7.00106,
					"seconds":	0.999990999698639,
					"bytes":	1249624,
					"bits_per_second":	9997081.9767505229,
					"packets":	863,
					"omitted":	false,
					"sender":	true
				}],
			"sum":	{
				"start":	6.001069,
				"end":	7.00106,
				"seconds":	0.999990999698639,
				"bytes":	1249624,
				"bits_per_second":	9997081.9767505229,
				"packets":	863,
				"omitted":	false,
				"sender":	true
			}
		}, {
			"streams":	[{
					"socket":	5,
					"start":	7.00106,
					"end":	8.001085,
					"seconds":	1.0000250339508057,
					"bytes":	1249624,
					"bits_per_second":	9996741.7420590129,
					"packets":	863,
					"omitted":	false,
					"sender":	true
				}],
			"sum":	{
				"start":	7.00106,
				"end":	8.001085,
				"seconds":	1.0000250339508057,
				"bytes":	1249624,
				"bits_per_second":	9996741.7420590129,
				"packets":	863,
				"omitted":	false,
				"sender":	true
			}
		}, {
			"streams":	[{
					"socket":	5,
					"start":	8.001085,
					"end":	9.001027,
					"seconds":	0.99994200468063354,
					"bytes":	1251072,
					"bits_per_second":	10009156.484226892,
					"packets":	864,
					"omitted":	false,
					"sender":	true
				}],
			"sum":	{
				"start":	8.001085,
				"end":	9.001027,
				"seconds":	0.99994200468063354,
				"bytes":	1251072,
				"bits_per_second":	10009156.484226892,
				"packets":	864,
				"omitted":	false,
				"sender":	true
			}
		}, {
			"streams":	[{
					"socket":	5,
					"start":	9.001027,
					"end":	10.001252,
					"seconds":	1.0002249479293823,
					"bytes":	1249624,
					"bits_per_second":	9994743.70309928,
					"packets":	863,
					"omitted":	false,
					"sender":	true
				}],
			"sum":	{
				"start":	9.001027,
				"end":	10.001252,
				"seconds":	1.0002249479293823,
				"bytes":	1249624,
				"bits_per_second":	9994743.70309928,
				"packets":	863,
				"omitted":	false,
				"sender":	true
			}
		}],
	"end":	{
		"streams":	[{
				"udp":	{
					"socket":	5,
					"start":	0,
					"end":	10.001252,
					"seconds":	10.001252,
					"bytes":	12502032,
					"bits_per_second":	10000373.553231137,
					"jitter_ms":	0.062266145506608653,
					"lost_packets":	444,
					"packets":	8634,
					"lost_percent":	5.1424600416956219,
					"out_of_order":	0,
					"sender":	true
				}
			}],
		"sum":	{
			"start":	0,
			"end":	10.101495,
			"seconds":	10.101495,
			"bytes":	12502032,
			"bits_per_second":	10000373.553231137,
			"jitter_ms":	0.062266145506608653,
			"lost_packets":	444,
			"packets":	8634,
			"lost_percent":	5.1424600416956219,
			"sender":	true
		},
		"sum_sent":	{
			"start":	0,
			"end":	10.001252,
			"seconds":	10.001252,
			"bytes":	12502032,
			"bits_per_second":	10000373.553231137,
			"jitter_ms":	0,
			"lost_packets":	0,
			"packets":	8634,
			"lost_percent":	0,
			"sender":	true
		},
		"sum_received":	{
			"start":	0,
			"end":	10.101495,
			"seconds":	10.101495,
			"bytes":	11859120,
			"bits_per_second":	9391972.17837558,
			"jitter_ms":	0.062266145506608653,
			"lost_packets":	444,
			"packets":	8634,
			"lost_percent":	5.1424600416956219,
			"sender":	false
		},
		"cpu_utilization_percent":	{
			"host_total":	3.55670678956835,
			"host_user":	0.69423138127731,
			"host_system":	2.8624559960189311,
			"remote_total":	1.2350808417540917,
			"remote_user":	0.29420310299682473,
			"remote_system":	0.940877738757267
		}
	},
	"server_output_text":	"-----------------------------------------------------------\nServer listening on 5201 (test #13)\n-----------------------------------------------------------\nAccepted connection from 172.30.0.2, port 41924\n[  5] local 172.30.0.3 port 5201 connected to 172.30.0.2 port 48424\n[ ID] Interval           Transfer     Bitrate         Jitter    Lost/Total Datagrams\n[  5]   0.00-1.00   sec  1.02 MBytes  8.53 Mbits/sec  0.055 ms  41/778 (5.3%)  \n[  5]   1.00-2.00   sec  1.15 MBytes  9.64 Mbits/sec  0.032 ms  32/864 (3.7%)  \n[  5]   2.00-3.00   sec  1.15 MBytes  9.65 Mbits/sec  0.061 ms  30/863 (3.5%)  \n[  5]   3.00-4.00   sec  1.13 MBytes  9.46 Mbits/sec  0.052 ms  46/863 (5.3%)  \n[  5]   4.00-5.00   sec  1.13 MBytes  9.44 Mbits/sec  0.113 ms  48/863 (5.6%)  \n[  5]   5.00-6.00   sec  1.12 MBytes  9.38 Mbits/sec  0.061 ms  53/863 (6.1%)  \n[  5]   6.00-7.00   sec  1.14 MBytes  9.52 Mbits/sec  0.045 ms  41/863 (4.8%)  \n[  5]   7.00-8.00   sec  1.12 MBytes  9.40 Mbits/sec  0.049 ms  52/864 (6%)  \n[  5]   8.00-9.00   sec  1.12 MBytes  9.40 Mbits/sec  0.049 ms  52/863 (6%)  \n[  5]   9.00-10.00  sec  1.13 MBytes  9.50 Mbits/sec  0.036 ms  44/864 (5.1%)  \n[  5]  10.00-10.10  sec   115 KBytes  9.34 Mbits/sec  0.062 ms  5/86 (5.8%)  \n- - - - - - - - - - - - - - - - - - - - - - - - -\n[ ID] Interval           Transfer     Bitrate         Jitter    Lost/Total Datagrams\n[  5]   0.00-10.10  sec  11.3 MBytes  9.39 Mbits/sec  0.062 ms  444/8634 (5.1%)  receiver\n"
}
