{
	"start":	{
		"connected":	[{
				"socket":	5,
				"local_host":	"172.30.0.3",
				"local_port":	43016,
				"remote_host":	"172.30.0.2",
				"remote_port":	5201
			}],
		"version":	"iperf 3.21",
		"system_info":	"Linux 319ff49754c0 7.0.0-31-generic #31~24.04.1-Ubuntu SMP PREEMPT_DYNAMIC Mon Aug 10 09:38:02 UTC 2 x86_64",
		"timestamp":	{
			"time":	"Fri, 18 Sep 2026 23:45:15 UTC",
			"timesecs":	1789775115,
			"timemillisecs":	1789775115794
		},
		"connecting_to":	{
			"host":	"172.30.0.2",
			"port":	5201
		},
		"cookie":	"2ptjpzzszkzzjqhim2jfyh3xmfbug7cykzt2",
		"target_bitrate":	50000000,
		"fq_rate":	0,
		"sock_bufsize":	0,
		"sndbuf_actual":	212992,
		"rcvbuf_actual":	212992,
		"test_start":	{
			"protocol":	"UDP",
			"num_streams":	1,
			"blksize":	1448,
			"omit":	0,
			"duration":	10,
			"bytes":	0,
			"blocks":	0,
			"reverse":	0,
			"tos":	0,
			"target_bitrate":	50000000,
			"bidir":	0,
			"fqrate":	0,
			"interval":	1,
			"gso":	0,
			"gro":	0
		}
	},
	"intervals":	[{
			"streams":	[{
					"socket":	5,
					"start":	0,
					"end":	1.000953,
					"seconds":	1.0009529590606689,
					"bytes":	6256808,
					"bits_per_second":	50006809.5577368,
					"packets":	4321,
					"omitted":	false,
					"sender":	true
				}],
			"sum":	{
				"start":	0,
				"end":	1.000953,
				"seconds":	1.0009529590606689,
				"bytes":	6256808,
				"bits_per_second":	50006809.5577368,
				"packets":	4321,
				"omitted":	false,
				"sender":	true
			}
		}, {
			"streams":	[{
					"socket":	5,
					"start":	1.000953,
					"end":	2.000492,
					"seconds":	0.999539017677307,
					"bytes":	6246672,
					"bits_per_second":	49996423.467416346,
					"packets":	4314,
					"omitted":	false,
					"sender":	true
				}],
			"sum":	{
				"start":	1.000953,
				"end":	2.000492,
				"seconds":	0.999539017677307,
				"bytes":	6246672,
				"bits_per_second":	49996423.467416346,
				"packets":	4314,
				"omitted":	false,
				"sender":	true
			}
		}, {
			"streams":	[{
					"socket":	5,
					"start":	2.000492,
					"end":	3.001195,
					"seconds":	1.000702977180481,
					"bytes":	6253912,
					"bits_per_second":	49996149.847545266,
					"packets":	4319,
					"omitted":	false,
					"sender":	true
				}],
			"sum":	{
				"start":	2.000492,
				"end":	3.001195,
				"seconds":	1.000702977180481,
				"bytes":	6253912,
				"bits_per_second":	49996149.847545266,
				"packets":	4319,
				"omitted":	false,
				"sender":	true
			}
		}, {
			"streams":	[{
					"socket":	5,
					"start":	3.001195,
					"end":	4.000635,
					"seconds":	0.99944001436233521,
					"bytes":	6246672,
					"bits_per_second":	50001376.052452847,
					"packets":	4314,
					"omitted":	false,
					"sender":	true
				}],
			"sum":	{
				"start":	3.001195,
				"end":	4.000635,
				"seconds":	0.99944001436233521,
				"bytes":	6246672,
				"bits_per_second":	50001376.052452847,
				"packets":	4314,
				"omitted":	false,
				"sender":	true
			}
		}, {
			"streams":	[{
					"socket":	5,
					"start":	4.000635,
					"end":	5.001029,
					"seconds":	1.0003939867019653,
					"bytes":	6252464,
					"bits_per_second":	50000012.6599139,
					"packets":	4318,
					"omitted":	false,
					"sender":	true
				}],
			"sum":	{
				"start":	4.000635,
				"end":	5.001029,
				"seconds":	1.0003939867019653,
				"bytes":	6252464,
				"bits_per_second":	50000012.6599139,
				"packets":	4318,
				"omitted":	false,
				"sender":	true
			}
		}, {
			"streams":	[{
					"socket":	5,
					"start":	5.001029,
					"end":	6.001146,
					"seconds":	1.0001169443130493,
					"bytes":	6251016,
					"bits_per_second":	50002280.517653964,
					"packets":	4317,
					"omitted":	false,
					"sender":	true
				}],
			"sum":	{
				"start":	5.001029,
				"end":	6.001146,
				"seconds":	1.0001169443130493,
				"bytes":	6251016,
				"bits_per_second":	50002280.517653964,
				"packets":	4317,
				"omitted":	false,
				"sender":	true
			}
		}, {
			"streams":	[{
					"socket":	5,
					"start":	6.001146,
					"end":	7.001135,
					"seconds":	0.99998897314071655,
					"bytes":	6249568,
					"bits_per_second":	49997095.310934573,
					"packets":	4316,
					"omitted":	false,
					"sender":	true
				}],
			"sum":	{
				"start":	6.001146,
				"end":	7.001135,
				"seconds":	0.99998897314071655,
				"bytes":	6249568,
				"bits_per_second":	49997095.310934573,
				"packets":	4316,
				"omitted":	false,
				"sender":	true
			}
		}, {
			"streams":	[{
					"socket":	5,
					"start":	7.001135,
					"end":	8.001145,
					"seconds":	1.0000100135803223,
					"bytes":	6251016,
					"bits_per_second":	50007627.244607858,
					"packets":	4317,
					"omitted":	false,
					"sender":	true
				}],
			"sum":	{
				"start":	7.001135,
				"end":	8.001145,
				"seconds":	1.0000100135803223,
				"bytes":	6251016,
				"bits_per_second":	50007627.244607858,
				"packets":	4317,
				"omitted":	false,
				"sender":	true
			}
		}, {
			"streams":	[{
					"socket":	5,
					"start":	8.001145,
					"end":	9.001136,
					"seconds":	0.999990999698639,
					"bytes":	6249568,
					"bits_per_second":	49996993.988013044,
					"packets":	4316,
					"omitted":	false,
					"sender":	true
				}],
			"sum":	{
				"start":	8.001145,
				"end":	9.001136,
				"seconds":	0.999990999698639,
				"bytes":	6249568,
				"bits_per_second":	49996993.988013044,
				"packets":	4316,
				"omitted":	false,
				"sender":	true
			}
		}, {
			"streams":	[{
					"socket":	5,
					"start":	9.001136,
					"end":	10.001277,
					"seconds":	1.0001410245895386,
					"bytes":	6249568,
					"bits_per_second":	49989494.252091855,
					"packets":	4316,
					"omitted":	false,
					"sender":	true
				}],
			"sum":	{
				"start":	9.001136,
				"end":	10.001277,
				"seconds":	1.0001410245895386,
				"bytes":	6249568,
				"bits_per_second":	49989494.252091855,
				"packets":	4316,
				"omitted":	false,
				"sender":	true
			}
		}],
	"end":	{
		"streams":	[{
				"udp":	{
					"socket":	5,
					"start":	0,
					"end":	10.001277,
					"seconds":	10.001277,
					"bytes":	62507264,
					"bits_per_second":	49999426.2732649,
					"jitter_ms":	0.00539825892366197,
					"lost_packets":	2131,
					"packets":	43168,
					"lost_percent":	4.936527057079318,
					"out_of_order":	0,
					"sender":	true
				}
			}],
		"sum":	{
			"start":	0,
			"end":	10.101501,
			"seconds":	10.101501,
			"bytes":	62507264,
			"bits_per_second":	49999426.2732649,
			"jitter_ms":	0.00539825892366197,
			"lost_packets":	2131,
			"packets":	43168,
			"lost_percent":	4.936527057079318,
			"sender":	true
		},
		"sum_sent":	{
			"start":	0,
			"end":	10.001277,
			"seconds":	10.001277,
			"bytes":	62507264,
			"bits_per_second":	49999426.2732649,
			"jitter_ms":	0,
			"lost_packets":	0,
			"packets":	43168,
			"lost_percent":	0,
			"sender":	true
		},
		"sum_received":	{
			"start":	0,
			"end":	10.101501,
			"seconds":	10.101501,
			"bytes":	59421576,
			"bits_per_second":	47059601.142444074,
			"jitter_ms":	0.00539825892366197,
			"lost_packets":	2131,
			"packets":	43168,
			"lost_percent":	4.936527057079318,
			"sender":	false
		},
		"cpu_utilization_percent":	{
			"host_total":	2.4445204983502276,
			"host_user":	0.59207189151822726,
			"host_system":	1.8523224255078847,
			"remote_total":	1.4936646732064673,
			"remote_user":	0.31019060378075364,
			"remote_system":	1.1834641699362205
		}
	},
	"server_output_text":	"-----------------------------------------------------------\nServer listening on 5201 (test #4)\n-----------------------------------------------------------\nAccepted connection from 172.30.0.3, port 36428\n[  5] local 172.30.0.2 port 5201 connected to 172.30.0.3 port 43016\n[ ID] Interval           Transfer     Bitrate         Jitter    Lost/Total Datagrams\n[  5]   0.00-1.00   sec  5.12 MBytes  43.0 Mbits/sec  0.001 ms  176/3887 (4.5%)  \n[  5]   1.00-2.00   sec  5.70 MBytes  47.8 Mbits/sec  0.003 ms  189/4319 (4.4%)  \n[  5]   2.00-3.00   sec  5.62 MBytes  47.2 Mbits/sec  0.002 ms  244/4314 (5.7%)  \n[  5]   3.00-4.00   sec  5.68 MBytes  47.6 Mbits/sec  0.013 ms  204/4316 (4.7%)  \n[  5]   4.00-5.00   sec  5.63 MBytes  47.3 Mbits/sec  0.001 ms  237/4316 (5.5%)  \n[  5]   5.00-6.00   sec  5.66 MBytes  47.5 Mbits/sec  0.005 ms  219/4319 (5.1%)  \n[  5]   6.00-7.00   sec  5.65 MBytes  47.4 Mbits/sec  0.001 ms  229/4317 (5.3%)  \n[  5]   7.00-8.00   sec  5.64 MBytes  47.3 Mbits/sec  0.006 ms  233/4316 (5.4%)  \n[  5]   8.00-9.00   sec  5.70 MBytes  47.8 Mbits/sec  0.002 ms  188/4316 (4.4%)  \n[  5]   9.00-10.00  sec  5.69 MBytes  47.8 Mbits/sec  0.002 ms  192/4316 (4.4%)  \n[  5]  10.00-10.10  sec   583 KBytes  47.5 Mbits/sec  0.005 ms  20/432 (4.6%)  \n- - - - - - - - - - - - - - - - - - - - - - - - -\n[ ID] Interval           Transfer     Bitrate         Jitter    Lost/Total Datagrams\n[  5]   0.00-10.10  sec  56.7 MBytes  47.1 Mbits/sec  0.005 ms  2131/43168 (4.9%)  receiver\n"
}
