{
	"start":	{
		"connected":	[{
				"socket":	5,
				"local_host":	"172.30.0.2",
				"local_port":	39326,
				"remote_host":	"172.30.0.3",
				"remote_port":	5201
			}],
		"version":	"iperf 3.21",
		"system_info":	"Linux 3c8871bc1f64 7.0.0-31-generic #31~24.04.1-Ubuntu SMP PREEMPT_DYNAMIC Mon Aug 10 09:38:02 UTC 2 x86_64",
		"timestamp":	{
			"time":	"Fri, 18 Sep 2026 23:39:37 UTC",
			"timesecs":	1789774777,
			"timemillisecs":	1789774777392
		},
		"connecting_to":	{
			"host":	"172.30.0.3",
			"port":	5201
		},
		"cookie":	"3xywke2a6bf5x2b6cre7q4u7cbbxqobiv74u",
		"target_bitrate":	10000000,
		"fq_rate":	0,
		"sock_bufsize":	0,
		"sndbuf_actual":	212992,
		"rcvbuf_actual":	212992,
		"test_start":	{
			"protocol":	"UDP",
			"num_streams":	1,
			"blksize":	1448,
			"omit":	0,
			"duration":	10,
			"bytes":	0,
			"blocks":	0,
			"reverse":	0,
			"tos":	0,
			"target_bitrate":	10000000,
			"bidir":	0,
			"fqrate":	0,
			"interval":	1,
			"gso":	0,
			"gro":	0
		}
	},
	"intervals":	[{
			"streams":	[{
					"socket":	5,
					"start":	0,
					"end":	1.001084,
					"seconds":	1.0010839700698853,
					"bytes":	1251072,
					"bits_per_second":	9997738.7504280042,
					"packets":	865,
					"omitted":	false,
					"sender":	true
				}],
			"sum":	{
				"start":	0,
				"end":	1.001084,
				"seconds":	1.0010839700698853,
				"bytes":	1251072,
				"bits_per_second":	9997738.7504280042,
				"packets":	865,
				"omitted":	false,
				"sender":	true
			}
		}, {
			"streams":	[{
					"socket":	5,
					"start":	1.001084,
					"end":	2.000927,
					"seconds":	0.99984300136566162,
					"bytes":	1251072,
					"bits_per_second":	10010147.579499507,
					"packets":	863,
					"omitted":	false,
					"sender":	true
				}],
			"sum":	{
				"start":	1.001084,
				"end":	2.000927,
				"seconds":	0.99984300136566162,
				"bytes":	1251072,
				"bits_per_second":	10010147.579499507,
				"packets":	863,
				"omitted":	false,
				"sender":	true
			}
		}, {
			"streams":	[{
					"socket":	5,
					"start":	2.000927,
					"end":	3.001119,
					"seconds":	1.0001920461654663,
					"bytes":	1249624,
					"bits_per_second":	9995072.484655764,
					"packets":	863,
					"omitted":	false,
					"sender":	true
				}],
			"sum":	{
				"start":	2.000927,
				"end":	3.001119,
				"seconds":	1.0001920461654663,
				"bytes":	1249624,
				"bits_per_second":	9995072.484655764,
				"packets":	863,
				"omitted":	false,
				"sender":	true
			}
		}, {
			"streams":	[{
					"socket":	5,
					"start":	3.001119,
					"end":	4.001186,
					"seconds":	1.0000669956207275,
					"bytes":	1249624,
					"bits_per_second":	9996322.29018318,
					"packets":	864,
					"omitted":	false,
					"sender":	true
				}],
			"sum":	{
				"start":	3.001119,
				"end":	4.001186,
				"seconds":	1.0000669956207275,
				"bytes":	1249624,
				"bits_per_second":	9996322.29018318,
				"packets":	864,
				"omitted":	false,
				"sender":	true
			}
		}, {
			"streams":	[{
					"socket":	5,
					"start":	4.001186,
					"end":	5.000941,
					"seconds":	0.999755024909973,
					"bytes":	1249624,
					"bits_per_second":	9999441.6141096354,
					"packets":	863,
					"omitted":	false,
					"sender":	true
				}],
			"sum":	{
				"start":	4.001186,
				"end":	5.000941,
				"seconds":	0.999755024909973,
				"bytes":	1249624,
				"bits_per_second":	9999441.6141096354,
				"packets":	863,
				"omitted":	false,
				"sender":	true
			}
		}, {
			"streams":	[{
					"socket":	5,
					"start":	5.000941,
					"end":	6.001066,
					"seconds":	1.0001250505447388,
					"bytes":	1249624,
					"bits_per_second":	9995742.027014453,
					"packets":	863,
					"omitted":	false,
					"sender":	true
				}],
			"sum":	{
				"start":	5.000941,
				"end":	6.001066,
				"seconds":	1.0001250505447388,
				"bytes":	1249624,
				"bits_per_second":	9995742.027014453,
				"packets":	863,
				"omitted":	false,
				"sender":	true
			}
		}, {
			"streams":	[{
					"socket":	5,
					"start":	6.001066,
					"end":	7.000933,
					"seconds":	0.999867022037506,
					"bytes":	1249624,
					"bits_per_second":	9998321.5564289335,
					"packets":	863,
					"omitted":	false,
					"sender":	true
				}],
			"sum":	{
				"start":	6.001066,
				"end":	7.000933,
				"seconds":	0.999867022037506,
				"bytes":	1249624,
				"bits_per_second":	9998321.5564289335,
				"packets":	863,
				"omitted":	false,
				"sender":	true
			}
		}, {
			"streams":	[{
					"socket":	5,
					"start":	7.000933,
					"end":	8.001257,
					"seconds":	1.000324010848999,
					"bytes":	1249624,
					"bits_per_second":	9993753.9153092131,
					"packets":	863,
					"omitted":	false,
					"sender":	true
				}],
			"sum":	{
				"start":	7.000933,
				"end":	8.001257,
				"seconds":	1.000324010848999,
				"bytes":	1249624,
				"bits_per_second":	9993753.9153092131,
				"packets":	863,
				"omitted":	false,
				"sender":	true
			}
		}, {
			"streams":	[{
					"socket":	5,
					"start":	8.001257,
					"end":	9.001059,
					"seconds":	0.999801993370056,
					"bytes":	1251072,
					"bits_per_second":	10010558.1568845,
					"packets":	864,
					"omitted":	false,
					"sender":	true
				}],
			"sum":	{
				"start":	8.001257,
				"end":	9.001059,
				"seconds":	0.999801993370056,
				"bytes":	1251072,
				"bits_per_second":	10010558.1568845,
				"packets":	864,
				"omitted":	false,
				"sender":	true
			}
		}, {
			"streams":	[{
					"socket":	5,
					"start":	9.001059,
					"end":	10.001406,
					"seconds":	1.0003470182418823,
					"bytes":	1249624,
					"bits_per_second":	9993524.0648488067,
					"packets":	863,
					"omitted":	false,
					"sender":	true
				}],
			"sum":	{
				"start":	9.001059,
				"end":	10.001406,
				"seconds":	1.0003470182418823,
				"bytes":	1249624,
				"bits_per_second":	9993524.0648488067,
				"packets":	863,
				"omitted":	false,
				"sender":	true
			}
		}],
	"end":	{
		"streams":	[{
				"udp":	{
					"socket":	5,
					"start":	0,
					"end":	10.001406,
					"seconds":	10.001406,
					"bytes":	12502032,
					"bits_per_second":	10000219.56912858,
					"jitter_ms":	0.056071185990072034,
					"lost_packets":	0,
					"packets":	8634,
					"lost_percent":	0,
					"out_of_order":	0,
					"sender":	true
				}
			}],
		"sum":	{
			"start":	0,
			"end":	10.001524,
			"seconds":	10.001524,
			"bytes":	12502032,
			"bits_per_second":	10000219.56912858,
			"jitter_ms":	0.056071185990072034,
			"lost_packets":	0,
			"packets":	8634,
			"lost_percent":	0,
			"sender":	true
		},
		"sum_sent":	{
			"start":	0,
			"end":	10.001406,
			"seconds":	10.001406,
			"bytes":	12502032,
			"bits_per_second":	10000219.56912858,
			"jitter_ms":	0,
			"lost_packets":	0,
			"packets":	8634,
			"lost_percent":	0,
			"sender":	true
		},
		"sum_received":	{
			"start":	0,
			"end":	10.001524,
			"seconds":	10.001524,
			"bytes":	12502032,
			"bits_per_second":	10000101.58451852,
			"jitter_ms":	0.056071185990072034,
			"lost_packets":	0,
			"packets":	8634,
			"lost_percent":	0,
			"sender":	false
		},
		"cpu_utilization_percent":	{
			"host_total":	6.3585352899913374,
			"host_user":	1.2774580136247258,
			"host_system":	5.0810772763666119,
			"remote_total":	1.4848214859733087,
			"remote_user":	0.343647112709354,
			"remote_system":	1.1411643748027178
		}
	},
	"server_output_text":	"-----------------------------------------------------------\nServer listening on 5201 (test #6)\n-----------------------------------------------------------\nAccepted connection from 172.30.0.2, port 60838\n[  5] local 172.30.0.3 port 5201 connected to 172.30.0.2 port 39326\n[ ID] Interval           Transfer     Bitrate         Jitter    Lost/Total Datagrams\n[  5]   0.00-1.00   sec  1.19 MBytes  10.0 Mbits/sec  0.014 ms  0/864 (0%)  \n[  5]   1.00-2.00   sec  1.19 MBytes  10.0 Mbits/sec  0.017 ms  0/864 (0%)  \n[  5]   2.00-3.00   sec  1.19 MBytes  10.0 Mbits/sec  0.015 ms  0/863 (0%)  \n[  5]   3.00-4.00   sec  1.19 MBytes  10.0 Mbits/sec  0.052 ms  0/863 (0%)  \n[  5]   4.00-5.00   sec  1.19 MBytes  10.0 Mbits/sec  0.020 ms  0/864 (0%)  \n[  5]   5.00-6.00   sec  1.19 MBytes  10.0 Mbits/sec  0.019 ms  0/863 (0%)  \n[  5]   6.00-7.00   sec  1.19 MBytes  10.0 Mbits/sec  0.016 ms  0/863 (0%)  \n[  5]   7.00-8.00   sec  1.19 MBytes  10.0 Mbits/sec  0.059 ms  0/863 (0%)  \n[  5]   8.00-9.00   sec  1.19 MBytes  10.0 Mbits/sec  0.025 ms  0/863 (0%)  \n[  5]   9.00-10.00  sec  1.19 MBytes  10.0 Mbits/sec  0.056 ms  0/864 (0%)  \n- - - - - - - - - - - - - - - - - - - - - - - - -\n[ ID] Interval           Transfer     Bitrate         Jitter    Lost/Total Datagrams\n[  5]   0.00-10.00  sec  11.9 MBytes  10.0 Mbits/sec  0.056 ms  0/8634 (0%)  receiver\n"
}
