{
	"start":	{
		"connected":	[{
				"socket":	5,
				"local_host":	"172.30.0.2",
				"local_port":	45356,
				"remote_host":	"172.30.0.3",
				"remote_port":	5201
			}],
		"version":	"iperf 3.21",
		"system_info":	"Linux 3c8871bc1f64 7.0.0-31-generic #31~24.04.1-Ubuntu SMP PREEMPT_DYNAMIC Mon Aug 10 09:38:02 UTC 2 x86_64",
		"timestamp":	{
			"time":	"Fri, 18 Sep 2026 23:39:47 UTC",
			"timesecs":	1789774787,
			"timemillisecs":	1789774787462
		},
		"connecting_to":	{
			"host":	"172.30.0.3",
			"port":	5201
		},
		"cookie":	"tvwtomjzhljjhluj64rtrasnk6le4wl5qyhj",
		"target_bitrate":	50000000,
		"fq_rate":	0,
		"sock_bufsize":	0,
		"sndbuf_actual":	212992,
		"rcvbuf_actual":	212992,
		"test_start":	{
			"protocol":	"UDP",
			"num_streams":	1,
			"blksize":	1448,
			"omit":	0,
			"duration":	10,
			"bytes":	0,
			"blocks":	0,
			"reverse":	0,
			"tos":	0,
			"target_bitrate":	50000000,
			"bidir":	0,
			"fqrate":	0,
			"interval":	1,
			"gso":	0,
			"gro":	0
		}
	},
	"intervals":	[{
			"streams":	[{
					"socket":	5,
					"start":	0,
					"end":	1.000209,
					"seconds":	1.0002089738845825,
					"bytes":	6251016,
					"bits_per_second":	49997679.790634036,
					"packets":	4318,
					"omitted":	false,
					"sender":	true
				}],
			"sum":	{
				"start":	0,
				"end":	1.000209,
				"seconds":	1.0002089738845825,
				"bytes":	6251016,
				"bits_per_second":	49997679.790634036,
				"packets":	4318,
				"omitted":	false,
				"sender":	true
			}
		}, {
			"streams":	[{
					"socket":	5,
					"start":	1.000209,
					"end":	2.001054,
					"seconds":	1.0008449554443359,
					"bytes":	6255360,
					"bits_per_second":	50000631.6940299,
					"packets":	4319,
					"omitted":	false,
					"sender":	true
				}],
			"sum":	{
				"start":	1.000209,
				"end":	2.001054,
				"seconds":	1.0008449554443359,
				"bytes":	6255360,
				"bits_per_second":	50000631.6940299,
				"packets":	4319,
				"omitted":	false,
				"sender":	true
			}
		}, {
			"streams":	[{
					"socket":	5,
					"start":	2.001054,
					"end":	3.000211,
					"seconds":	0.99915701150894165,
					"bytes":	6245224,
					"bits_per_second":	50003944.7499317,
					"packets":	4313,
					"omitted":	false,
					"sender":	true
				}],
			"sum":	{
				"start":	2.001054,
				"end":	3.000211,
				"seconds":	0.99915701150894165,
				"bytes":	6245224,
				"bits_per_second":	50003944.7499317,
				"packets":	4313,
				"omitted":	false,
				"sender":	true
			}
		}, {
			"streams":	[{
					"socket":	5,
					"start":	3.000211,
					"end":	4.001027,
					"seconds":	1.0008159875869751,
					"bytes":	6255360,
					"bits_per_second":	50002078.924274839,
					"packets":	4320,
					"omitted":	false,
					"sender":	true
				}],
			"sum":	{
				"start":	3.000211,
				"end":	4.001027,
				"seconds":	1.0008159875869751,
				"bytes":	6255360,
				"bits_per_second":	50002078.924274839,
				"packets":	4320,
				"omitted":	false,
				"sender":	true
			}
		}, {
			"streams":	[{
					"socket":	5,
					"start":	4.001027,
					"end":	5.000413,
					"seconds":	0.9993860125541687,
					"bytes":	6246672,
					"bits_per_second":	50004077.876056269,
					"packets":	4314,
					"omitted":	false,
					"sender":	true
				}],
			"sum":	{
				"start":	4.001027,
				"end":	5.000413,
				"seconds":	0.9993860125541687,
				"bytes":	6246672,
				"bits_per_second":	50004077.876056269,
				"packets":	4314,
				"omitted":	false,
				"sender":	true
			}
		}, {
			"streams":	[{
					"socket":	5,
					"start":	5.000413,
					"end":	6.000854,
					"seconds":	1.0004409551620483,
					"bytes":	6252464,
					"bits_per_second":	49997665.2714082,
					"packets":	4318,
					"omitted":	false,
					"sender":	true
				}],
			"sum":	{
				"start":	5.000413,
				"end":	6.000854,
				"seconds":	1.0004409551620483,
				"bytes":	6252464,
				"bits_per_second":	49997665.2714082,
				"packets":	4318,
				"omitted":	false,
				"sender":	true
			}
		}, {
			"streams":	[{
					"socket":	5,
					"start":	6.000854,
					"end":	7.000214,
					"seconds":	0.99936002492904663,
					"bytes":	6245224,
					"bits_per_second":	49993786.77724,
					"packets":	4313,
					"omitted":	false,
					"sender":	true
				}],
			"sum":	{
				"start":	6.000854,
				"end":	7.000214,
				"seconds":	0.99936002492904663,
				"bytes":	6245224,
				"bits_per_second":	49993786.77724,
				"packets":	4313,
				"omitted":	false,
				"sender":	true
			}
		}, {
			"streams":	[{
					"socket":	5,
					"start":	7.000214,
					"end":	8.001058,
					"seconds":	1.0008440017700195,
					"bytes":	6255360,
					"bits_per_second":	50000679.338136435,
					"packets":	4320,
					"omitted":	false,
					"sender":	true
				}],
			"sum":	{
				"start":	7.000214,
				"end":	8.001058,
				"seconds":	1.0008440017700195,
				"bytes":	6255360,
				"bits_per_second":	50000679.338136435,
				"packets":	4320,
				"omitted":	false,
				"sender":	true
			}
		}, {
			"streams":	[{
					"socket":	5,
					"start":	8.001058,
					"end":	9.000214,
					"seconds":	0.99915599822998047,
					"bytes":	6245224,
					"bits_per_second":	50003995.460676856,
					"packets":	4313,
					"omitted":	false,
					"sender":	true
				}],
			"sum":	{
				"start":	8.001058,
				"end":	9.000214,
				"seconds":	0.99915599822998047,
				"bytes":	6245224,
				"bits_per_second":	50003995.460676856,
				"packets":	4313,
				"omitted":	false,
				"sender":	true
			}
		}, {
			"streams":	[{
					"socket":	5,
					"start":	9.000214,
					"end":	10.001273,
					"seconds":	1.0010590553283691,
					"bytes":	6255360,
					"bits_per_second":	49989937.889912844,
					"packets":	4320,
					"omitted":	false,
					"sender":	true
				}],
			"sum":	{
				"start":	9.000214,
				"end":	10.001273,
				"seconds":	1.0010590553283691,
				"bytes":	6255360,
				"bits_per_second":	49989937.889912844,
				"packets":	4320,
				"omitted":	false,
				"sender":	true
			}
		}],
	"end":	{
		"streams":	[{
				"udp":	{
					"socket":	5,
					"start":	0,
					"end":	10.001273,
					"seconds":	10.001273,
					"bytes":	62507264,
					"bits_per_second":	49999446.270489767,
					"jitter_ms":	0.0012803554464982884,
					"lost_packets":	0,
					"packets":	43168,
					"lost_percent":	0,
					"out_of_order":	0,
					"sender":	true
				}
			}],
		"sum":	{
			"start":	0,
			"end":	10.001379,
			"seconds":	10.001379,
			"bytes":	62507264,
			"bits_per_second":	49999446.270489767,
			"jitter_ms":	0.0012803554464982884,
			"lost_packets":	0,
			"packets":	43168,
			"lost_percent":	0,
			"sender":	true
		},
		"sum_sent":	{
			"start":	0,
			"end":	10.001273,
			"seconds":	10.001273,
			"bytes":	62507264,
			"bits_per_second":	49999446.270489767,
			"jitter_ms":	0,
			"lost_packets":	0,
			"packets":	43168,
			"lost_percent":	0,
			"sender":	true
		},
		"sum_received":	{
			"start":	0,
			"end":	10.001379,
			"seconds":	10.001379,
			"bytes":	62507264,
			"bits_per_second":	49998916.349435411,
			"jitter_ms":	0.0012803554464982884,
			"lost_packets":	0,
			"packets":	43168,
			"lost_percent":	0,
			"sender":	false
		},
		"cpu_utilization_percent":	{
			"host_total":	3.5468272562817926,
			"host_user":	0.54391063548259022,
			"host_system":	3.0029166207992026,
			"remote_total":	1.3195548664522367,
			"remote_user":	0.18082463030436829,
			"remote_system":	1.1387402347450652
		}
	},
	"server_output_text":	"-----------------------------------------------------------\nServer listening on 5201 (test #7)\n-----------------------------------------------------------\nAccepted connection from 172.30.0.2, port 44340\n[  5] local 172.30.0.3 port 5201 connected to 172.30.0.2 port 45356\n[ ID] Interval           Transfer     Bitrate         Jitter    Lost/Total Datagrams\n[  5]   0.00-1.00   sec  5.97 MBytes  50.0 Mbits/sec  0.006 ms  0/4321 (0%)  \n[  5]   1.00-2.00   sec  5.96 MBytes  50.0 Mbits/sec  0.001 ms  0/4313 (0%)  \n[  5]   2.00-3.00   sec  5.96 MBytes  50.0 Mbits/sec  0.001 ms  0/4316 (0%)  \n[  5]   3.00-4.00   sec  5.97 MBytes  50.0 Mbits/sec  0.001 ms  0/4320 (0%)  \n[  5]   4.00-5.00   sec  5.96 MBytes  50.0 Mbits/sec  0.004 ms  0/4313 (0%)  \n[  5]   5.00-6.00   sec  5.96 MBytes  50.0 Mbits/sec  0.000 ms  0/4319 (0%)  \n[  5]   6.00-7.00   sec  5.96 MBytes  50.0 Mbits/sec  0.005 ms  0/4317 (0%)  \n[  5]   7.00-8.00   sec  5.96 MBytes  50.0 Mbits/sec  0.002 ms  0/4313 (0%)  \n[  5]   8.00-9.00   sec  5.96 MBytes  50.0 Mbits/sec  0.001 ms  0/4317 (0%)  \n[  5]   9.00-10.00  sec  5.96 MBytes  50.0 Mbits/sec  0.001 ms  0/4315 (0%)  \n[  5]  10.00-10.00  sec  5.66 KBytes  40.4 Mbits/sec  0.001 ms  0/4 (0%)  \n- - - - - - - - - - - - - - - - - - - - - - - - -\n[ ID] Interval           Transfer     Bitrate         Jitter    Lost/Total Datagrams\n[  5]   0.00-10.00  sec  59.6 MBytes  50.0 Mbits/sec  0.001 ms  0/43168 (0%)  receiver\n"
}
